// Jest Snapshot v1, https://goo.gl/fbAQLP

exports[`Header group Test Header: snapshot test 1`] = `
<div
  className={undefined}
>
  <div
    className={undefined}
  >
    <div
      className={undefined}
    >
       
      <div
        className="undefined undefined"
      >
         
         
      </div>
    </div>
    <div
      className="undefined undefined"
    >
       
       
    </div>
    <div
      className="undefined undefined"
    >
       
       
    </div>
    <div
      className="undefined undefined"
    >
       
       
    </div>
  </div>
  <div
    className={undefined}
  >
     
  </div>
  <div
    className={undefined}
  >
    <div
      className={undefined}
    >
      <input
        className={undefined}
      />
      <div
        className={undefined}
      />
    </div>
    <div
      className="undefined undefined"
    >
       
      <img
        src="http://icons.iconarchive.com/icons/designbolts/despicable-me-2/32/Minion-Amazed-icon.png"
      />
       
    </div>
  </div>
</div>
`;
