// Jest Snapshot v1, https://goo.gl/fbAQLP

exports[`Header component Header: renders correctly 1`] = `
<div
  className="headerTwit shadowStyle"
>
  <div
    className="leftContain isFlex"
  >
    <div
      className="leftConLogo Center isFlex"
    />
    <div
      className="btnGroup isFlex"
    >
      <div
        className="sperateBTN isFlex Center"
      >
        <div
          className="cirBTN isFlex Center"
        />
      </div>
      <div
        className="sperateBTN isFlex Center"
      >
        <div
          className="cirBTN isFlex Center"
        />
      </div>
      <div
        className="sperateBTN isFlex Center"
      >
        <div
          className="cirBTN isFlex Center"
        />
      </div>
    </div>
  </div>
  <div
    className="ConLogo Center isFlex"
  />
  <div
    className="rightContain isFlex"
  >
    <div
      className="sperateBTN isFlex Center"
    >
      <div
        className="cirBTN isFlex Center"
      >
        <img
          className="logoBtn userIcon"
          src="https://scontent-iad3-1.xx.fbcdn.net/v/t39.1997-6/s110x80/13601946_1176746099014660_1320250140_n.png?_nc_ad=z-m&_nc_cid=0&oh=2a7109b26b5725dd0ef7741df62012c4&oe=5AC2F560"
        />
      </div>
    </div>
  </div>
</div>
`;
