// Jest Snapshot v1, https://goo.gl/fbAQLP

exports[`App component App: renders correctly 1`] = `
<div>
  <div
    className="header"
  >
    <div
      className="header--left"
    >
      left
    </div>
    <div
      className="header--logo"
    />
    <div
      className="header--right"
    >
      right
    </div>
  </div>
  <div
    className="body"
  >
    <div
      className="stat"
    >
      stat
    </div>
    <div
      className="feed"
    >
      feed
    </div>
  </div>
</div>
`;
