// Jest Snapshot v1, https://goo.gl/fbAQLP

exports[`App component App: renders correctly 1`] = `
<div>
  <div
    className="App-header"
  >
    <div
      className="App-title"
    >
      App-header
    </div>
  </div>
  <div
    className="App-body"
  >
    <div
      className="Stat"
    >
      Stat
    </div>
    <div
      className="Feed"
    >
      Feed
    </div>
  </div>
</div>
`;
